
> silent-shutter@0.1.0 build
> next build

node.exe :  ΓÜá `eslint` 
configuration in next.config.ts is 
no longer supported. See more info 
here: https://nextjs.org/docs/app/a
pi-reference/cli/next#next-lint-opt
ions
At line:1 char:1
+ & "C:\Program 
Files\nodejs/node.exe" "C:\Program 
Files\nodejs/node_mo ...
+ ~~~~~~~~~~~~~~~~~~~~~~~~~~~~~~~~~
~~~~~~~~~~~~~~~~~~~~~~~~~~~~~~~~~~~
~
    + CategoryInfo          : NotS 
   pecified: ( ΓÜá `eslint` c...x  
  t-lint-options:String) [], Rem   
 oteException
    + FullyQualifiedErrorId : Nati 
   veCommandError
 
 ΓÜá Invalid next.config.ts 
options detected: 
 ΓÜá     Unrecognized key(s) in 
object: 'eslint'
 ΓÜá See more info here: https://ne
xtjs.org/docs/messages/invalid-next
-config
   Γû▓ Next.js 16.0.3 (Turbopack)
   - Environments: .env.local
   - Experiments (use with caution):
     ┬╖ serverActions

   Creating an optimized production build ...

> Build error occurred
Error: Turbopack build failed with 
2 errors:
./src/app/page.tsx:31:6
Parsing ecmascript source code 
failed
[0m [90m 29 |[39m }
 [90m 30 |[39m [33m<[39m[33mDa
tabaseSeeder[39m 
[33m/[39m[33m>[39m
[31m[1m>[22m[39m[90m 31 
|[39m     [33m<[39m[33m/[39m[
33mdiv[39m [33m>[39m
 [90m    |[39m      [31m[1m^[2
2m[39m[31m[1m^[22m[39m[31m[1
m^[22m[39m[31m[1m^[22m[39m[3
1m[1m^[22m[39m[31m[1m^[22m[3
9m
 [90m 32 |[39m   )[33m;[39m
 [90m 33 |[39m }
 [90m 34 |[39m[0m

Unterminated regexp literal


./src/app/photo/[slug]/page.tsx:7:1
Module not found: Can't resolve 
'@/components/RatingButton'
[0m [90m  5 |[39m 
[36mimport[39m { 
getPhotos[33m,[39m 
getPhotoBySlug } [36mfrom[39m 
[32m"@/lib/db"[39m[33m;[39m
 [90m  6 |[39m [36mimport[39m 
type { [33mPhotoEntry[39m } 
[36mfrom[39m [32m"@/types/photos
"[39m[33m;[39m
[31m[1m>[22m[39m[90m  7 
|[39m [36mimport[39m { 
[33mRatingButton[39m } 
[36mfrom[39m [32m"@/components/R
atingButton"[39m[33m;[39m
 [90m    |[39m [31m[1m^[22m[3
9m[31m[1m^[22m[39m[31m[1m^[2
2m[39m[31m[1m^[22m[39m[31m[1
m^[22m[39m[31m[1m^[22m[39m[3
1m[1m^[22m[39m[31m[1m^[22m[3
9m[31m[1m^[22m[39m[31m[1m^[2
2m[39m[31m[1m^[22m[39m[31m[1
m^[22m[39m[31m[1m^[22m[39m[3
1m[1m^[22m[39m[31m[1m^[22m[3
9m[31m[1m^[22m[39m[31m[1m^[2
2m[39m[31m[1m^[22m[39m[31m[1
m^[22m[39m[31m[1m^[22m[39m[3
1m[1m^[22m[39m[31m[1m^[22m[3
9m[31m[1m^[22m[39m[31m[1m^[2
2m[39m[31m[1m^[22m[39m[31m[1
m^[22m[39m[31m[1m^[22m[39m[3
1m[1m^[22m[39m[31m[1m^[22m[3
9m[31m[1m^[22m[39m[31m[1m^[2
2m[39m[31m[1m^[22m[39m[31m[1
m^[22m[39m[31m[1m^[22m[39m[3
1m[1m^[22m[39m[31m[1m^[22m[3
9m[31m[1m^[22m[39m[31m[1m^[2
2m[39m[31m[1m^[22m[39m[31m[1
m^[22m[39m[31m[1m^[22m[39m[3
1m[1m^[22m[39m[31m[1m^[22m[3
9m[31m[1m^[22m[39m[31m[1m^[2
2m[39m[31m[1m^[22m[39m[31m[1
m^[22m[39m[31m[1m^[22m[39m[3
1m[1m^[22m[39m[31m[1m^[22m[3
9m[31m[1m^[22m[39m[31m[1m^[2
2m[39m[31m[1m^[22m[39m[31m[1
m^[22m[39m[31m[1m^[22m[39m[3
1m[1m^[22m[39m[31m[1m^[22m[3
9m
 [90m  8 |[39m [36mimport[39m 
{ [33mArrowLeft[39m[33m,[39m 
[33mCamera[39m[33m,[39m 
[33mMapPin[39m[33m,[39m 
[33mCalendar[39m } 
[36mfrom[39m 
[32m"lucide-react"[39m[33m;[39m
 [90m  9 |[39m
 [90m 10 |[39m 
[36minterface[39m 
[33mPhotoPageProps[39m {[0m

Import map: aliased to relative 
'./src/components/RatingButton' 
inside of [project]/


https://nextjs.org/docs/messages/mo
dule-not-found


    at <unknown> 
(./src/app/page.tsx:31:6)
    at <unknown> (./src/app/photo/[
slug]/page.tsx:7:1)
    at <unknown> (https://nextjs.or
g/docs/messages/module-not-found)
